// Vitest Snapshot v1, https://vitest.dev/guide/snapshot.html

exports[`AgentsGalleryModal.vue > Component rendering > should match snapshot 1`] = `
<section
  class="unnnic-modal-dialog agents-gallery-modal"
  data-testid="agents-gallery-modal"
  data-v-02909c7e=""
  data-v-ab1febba=""
>
  <section
    class="unnnic-modal-dialog__overlay"
    data-testid="modal-overlay"
    data-v-ab1febba=""
  />
  <section
    class="unnnic-modal-dialog__container unnnic-modal-dialog__container--lg"
    data-testid="modal-container"
    data-v-ab1febba=""
  >
    <!---->
    <section
      class="unnnic-modal-dialog__container__body"
      data-v-ab1febba=""
    >
      <header
        class="unnnic-modal-dialog__container__header"
        data-v-ab1febba=""
      >
        <section
          class="unnnic-modal-dialog__container__title-container"
          data-v-ab1febba=""
        >
          <!---->
          <h1
            class="unnnic-modal-dialog__container__title-text"
            data-testid="title-text"
            data-v-ab1febba=""
          >
            Agents gallery
          </h1>
        </section>
        <span
          class="material-symbols-rounded unnnic-icon-scheme--neutral-darkest unnnic-icon-size--md unnnic--clickable"
          data-testid="close-icon"
          data-v-9846e6db=""
          data-v-ab1febba=""
          translate="no"
        >
          close
        </span>
      </header>
      <section
        class="unnnic-modal-dialog__container__content"
        data-v-ab1febba=""
      >
        
        <section
          class="agents-gallery"
          data-testid="agents-gallery"
          data-v-02909c7e=""
        >
          <div
            class="unnnic-side-bar-menu agents-gallery__sidebar"
            data-testid="sidebar-menu"
            data-v-02909c7e=""
          >
            <p
              class="unnnic-side-bar-menu__title"
            />
            
            
            <section
              class="side-bar-item side-bar-item--active unnnic--clickable sidebar__item"
              data-testid="sidebar-item"
              data-v-02909c7e=""
            >
              <!---->
              <p
                class="side-bar-item__label"
              >
                Official agents
              </p>
              <!--v-if-->
            </section>
            <section
              class="side-bar-item unnnic--clickable sidebar__item"
              data-testid="sidebar-item"
              data-v-02909c7e=""
            >
              <!---->
              <p
                class="side-bar-item__label"
              >
                Custom agents
              </p>
              <!--v-if-->
            </section>
            
            
          </div>
          <section
            class="agents-gallery__content"
            data-v-02909c7e=""
          >
            <div
              class="unnnic-form md"
              data-testid="search-input"
              data-v-02909c7e=""
              data-v-24f2d284=""
            >
              <!---->
              <div
                class="text-input size--md text-input--icon-right-size-sm unnnic-form-input"
                data-testid="search-input"
                data-v-24f2d284=""
                data-v-c1401a33=""
                mask=""
              >
                <input
                  class="unnnic-form-input input-itself input size-md normal input--has-icon-left unnnic-form-input input-itself"
                  data-testid="search-input"
                  data-v-0caa2ccb=""
                  data-v-c1401a33=""
                  hascloudycolor="false"
                  iconleft="search"
                  iconrightsize="sm"
                  placeholder="Search by agent or skill"
                  type="text"
                  value=""
                />
                <span
                  class="material-symbols-rounded unnnic-icon-scheme--neutral-cloudy unnnic-icon-size--sm icon-left"
                  data-testid="material-icon"
                  data-v-9846e6db=""
                  data-v-c1401a33=""
                  translate="no"
                >
                  search
                </span>
                <!---->
              </div>
              <!---->
            </div>
            <!--v-if-->
            <section
              class="content__cards"
              data-v-02909c7e=""
            >
              
              
              <assign-agent-card-stub
                agent="[object Object]"
                assignment="true"
                data-testid="agent-card"
                data-v-02909c7e=""
                loading="false"
              />
              <assign-agent-card-stub
                agent="[object Object]"
                assignment="true"
                data-testid="agent-card"
                data-v-02909c7e=""
                loading="false"
              />
              
              
            </section>
          </section>
        </section>
        
      </section>
      <!---->
    </section>
  </section>
</section>
`;
