// Vitest Snapshot v1, https://vitest.dev/guide/snapshot.html

exports[`AssignAgentCard.vue > renders correctly 1`] = `
<div
  data-v-app=""
>
  
  <section
    class="assign-agent-card"
    data-testid="assign-agent-card"
    data-v-73104bd4=""
  >
    <section
      class="assign-agent-card__content"
      data-v-73104bd4=""
    >
      <!--v-if-->
      <header
        class="content__header"
        data-v-73104bd4=""
      >
        <p
          class="unnnic-text unnnic-text--size-body-gt unnnic-text--line-height-md unnnic-text--family-secondary unnnic-text--weight-bold unnnic-text--color-neutral-darkest"
          data-testid="title"
          data-v-73104bd4=""
          data-v-ec8da4ad=""
        >
          
          Test Title
          
        </p>
        <!--v-if-->
        <p
          class="unnnic-text unnnic-text--size-body-gt unnnic-text--line-height-md unnnic-text--family-secondary unnnic-text--weight-regular unnnic-text--color-neutral-cloudy header__description header__description"
          data-testid="description"
          data-v-73104bd4=""
          data-v-ec8da4ad=""
          title="Test Description"
        >
          
          Test Description
          
        </p>
      </header>
      <section
        class="content__skills"
        data-v-73104bd4=""
      >
        
        <section
          class="skill"
          data-testid="skill"
          data-v-29c532b5=""
          data-v-73104bd4=""
        >
          <p
            class="skill__icon"
            data-testid="skill-icon"
            data-v-29c532b5=""
          >
            icon-1
          </p>
          <p
            class="unnnic-text unnnic-text--size-body-md unnnic-text--line-height-md unnnic-text--family-secondary unnnic-text--weight-regular unnnic-text--color-neutral-cloudy skill__title skill__title"
            data-testid="skill-name"
            data-v-29c532b5=""
            data-v-ec8da4ad=""
          >
            
            Skill 1
            
          </p>
        </section>
        <section
          class="skill"
          data-testid="skill"
          data-v-29c532b5=""
          data-v-73104bd4=""
        >
          <p
            class="skill__icon"
            data-testid="skill-icon"
            data-v-29c532b5=""
          >
            icon-2
          </p>
          <p
            class="unnnic-text unnnic-text--size-body-md unnnic-text--line-height-md unnnic-text--family-secondary unnnic-text--weight-regular unnnic-text--color-neutral-cloudy skill__title skill__title"
            data-testid="skill-name"
            data-v-29c532b5=""
            data-v-ec8da4ad=""
          >
            
            Skill 2
            
          </p>
        </section>
        
      </section>
    </section>
    <button
      class="assign-agent-card__button unnnic-button unnnic-button--size-small unnnic-button--primary assign-agent-card__button"
      data-testid="assign-button"
      data-v-73104bd4=""
      data-v-d127031e=""
    >
      <!---->
      <!---->
      <!---->
      <span
        class="unnnic-button__label"
        data-testid="button-label"
        data-v-d127031e=""
      >
        
        
         Assign to the team
      </span>
      <!---->
    </button>
  </section>
  <assign-agent-drawer-stub
    agent="[object Object]"
    data-v-73104bd4=""
    isassigning="false"
    modelvalue="false"
  />
  
</div>
`;
