// Vitest Snapshot v1, https://vitest.dev/guide/snapshot.html

exports[`TextSentences.vue > matches the snapshot 1`] = `
"<section data-v-44bdc72e="" data-testid="sentences" class="text-sentences">
  <div data-v-011692bb="" data-v-44bdc72e="" class="unnnic-tooltip text-sentences__text text-sentences__text--slightly-reliable" data-testid="sentence-text">This is slightly reliable.<span data-v-011692bb="" class="unnnic-tooltip-label unnnic-tooltip-label-top" data-testid="tooltip-label" style="left: 0px; top: -8px;">Test filename <br data-v-011692bb="">(0% confidence) <br data-v-011692bb=""><!----></span></div>
  <div data-v-011692bb="" data-v-44bdc72e="" class="unnnic-tooltip text-sentences__text text-sentences__text--moderately-reliable" data-testid="sentence-text">This is moderately reliable.<span data-v-011692bb="" class="unnnic-tooltip-label unnnic-tooltip-label-top" data-testid="tooltip-label" style="left: 0px; top: -8px;">Test filename <br data-v-011692bb="">(0% confidence) <br data-v-011692bb=""><!----></span></div>
  <div data-v-011692bb="" data-v-44bdc72e="" class="unnnic-tooltip text-sentences__text text-sentences__text--highly-reliable" data-testid="sentence-text">This is highly reliable.<span data-v-011692bb="" class="unnnic-tooltip-label unnnic-tooltip-label-top" data-testid="tooltip-label" style="left: 0px; top: -8px;">Test filename <br data-v-011692bb="">(0% confidence) <br data-v-011692bb=""><!----></span></div>
</section>"
`;
